S: +OK Gpop ready for requests from 79.127.249.67 cdcc0902adbc2-39bc1df4af9mb15582945d76
S: +OK send PASS
S: +OK Welcome.
S: +OK 4 60455
S: +OK 4 messages (60455 bytes)
1 15926
2 14843
3 14843
4 14843
S: +OK message follows
----- MESSAGE 1 START -----
Delivered-To: mike.network.cu@gmail.com
Received: by 2002:a05:6402:1906:b0:62f:39e0:c5b2 with SMTP id e6csp1330351edz;
        Sun, 21 Sep 2025 10:54:44 -0700 (PDT)
X-Received: by 2002:a05:6902:1021:b0:ea5:d7bc:114b with SMTP id 3f1490d57ef6-ea89b6f9235mr9692110276.21.1758477283973;
        Sun, 21 Sep 2025 10:54:43 -0700 (PDT)
ARC-Seal: i=1; a=rsa-sha256; t=1758477283; cv=none;
        d=google.com; s=arc-20240605;
        b=ZVoTv+vdVrWFmh2eK0t6eLsJLd49LzUP5xq05nWhU2YbeGeFGm3YPM/8Ar0mOpCof7
         jd4WnTUAqH+I7lT04EtN3ZPuxi/Yq+hm4HktPJJBNNGs/9407vX/hiccu923bPnVkq1R
         Jxswwg/z4XF0Rkvtsvea+mtKG1njz6KIV06E27GLdGFpMiRq6CAijZlMI+fbQQbzWhDU
         or62vqyDOns4SN56T+qBBKB0GUEw/XbnPNoKteieDFtwYenwdzVDZ10bx9t65FePqwci
         c22SyZyLZT1Jl3tfE2ZNFmmEkKVrNG4m8U5YMESqfREwz21k1mKMDVQ/Z1IdDCmgGX5Y
         dnMA==
ARC-Message-Signature: i=1; a=rsa-sha256; c=relaxed/relaxed; d=google.com; s=arc-20240605;
        h=to:from:subject:message-id:feedback-id:date:mime-version
         :dkim-signature;
        bh=xRLvJilN5d83+cudmGs0f5VkPTkt3BcYJUilM8agBeI=;
        fh=o8k3D5PCSTCcoJtLQF8QVyH4z0z+ET7wDt+K4VRYCvY=;
        b=keTOjPfog/hPqxBb/vrVhRvqq8k836Hvzp6/7MUx9Q1Fk3ZmJvgEG44v6YoQ0Tlqu6
         K1OdVoq2nKcMjnvm+Si6XVRh8gFRQAjQnRMv3zwZ3Yj4UR26aLaHBsBQV4jYwQyMDqt5
         2Bv5yESz7qEuipKMp3e4vUfDvnn4UmYaG8w/atSJ6IcdQlbr1UOWf0qQ4rnkr29dsfeg
         tnj8Xl+vzCGJcnNB0MCUHxyO61sFIwb6vkXO+OgkrlAjTMtagkXhaFrv897SCf/bTayp
         UVDOMalK2doUrZQn9UwZMWyLPOk80wrht1e8TZXqhfci/hWoOckPK3Bt1ICW1jJSCfAh
         yJjg==;
        dara=google.com
ARC-Authentication-Results: i=1; mx.google.com;
       dkim=pass header.i=@accounts.google.com header.s=20230601 header.b=YRYkXjUC;
       spf=pass (google.com: domain of 34zvqaagtd-gxy-bozvikmmyexdc.qyyqvo.mywwsuo.xodgybu.meqwksv.myw@gaia.bounces.google.com designates 209.85.220.73 as permitted sender) smtp.mailfrom=34zvQaAgTD-gXY-bOZViKMMYeXdc.QYYQVO.MYWWSUO.XOdgYbU.MeQWKSV.MYW@gaia.bounces.google.com;
       dmarc=pass (p=REJECT sp=REJECT dis=NONE) header.from=accounts.google.com;
       dara=pass header.i=@gmail.com
Return-Path: <34zvQaAgTD-gXY-bOZViKMMYeXdc.QYYQVO.MYWWSUO.XOdgYbU.MeQWKSV.MYW@gaia.bounces.google.com>
Received: from mail-sor-f73.google.com (mail-sor-f73.google.com. [209.85.220.73])
        by mx.google.com with SMTPS id 3f1490d57ef6-ea5ce736cd4sor5293789276.2.2025.09.21.10.54.43
        for <mike.network.cu@gmail.com>
        (Google Transport Security);
        Sun, 21 Sep 2025 10:54:43 -0700 (PDT)
Received-SPF: pass (google.com: domain of 34zvqaagtd-gxy-bozvikmmyexdc.qyyqvo.mywwsuo.xodgybu.meqwksv.myw@gaia.bounces.google.com designates 209.85.220.73 as permitted sender) client-ip=209.85.220.73;
Authentication-Results: mx.google.com;
       dkim=pass header.i=@accounts.google.com header.s=20230601 header.b=YRYkXjUC;
       spf=pass (google.com: domain of 34zvqaagtd-gxy-bozvikmmyexdc.qyyqvo.mywwsuo.xodgybu.meqwksv.myw@gaia.bounces.google.com designates 209.85.220.73 as permitted sender) smtp.mailfrom=34zvQaAgTD-gXY-bOZViKMMYeXdc.QYYQVO.MYWWSUO.XOdgYbU.MeQWKSV.MYW@gaia.bounces.google.com;
       dmarc=pass (p=REJECT sp=REJECT dis=NONE) header.from=accounts.google.com;
       dara=pass header.i=@gmail.com
DKIM-Signature: v=1; a=rsa-sha256; c=relaxed/relaxed;
        d=accounts.google.com; s=20230601; t=1758477283; x=1759082083; dara=google.com;
        h=to:from:subject:message-id:feedback-id:date:mime-version:from:to:cc
         :subject:date:message-id:reply-to;
        bh=xRLvJilN5d83+cudmGs0f5VkPTkt3BcYJUilM8agBeI=;
        b=YRYkXjUCrAJ9TUNzdGIN/OriyoTGzN+Ol3DgfUUv+l47+tls+OVPWif8WoHkFsUuAk
         VF0knJ/sQU1FlIS81AnAsvfPgeHvDWKfPBGg7T2Xhw66s+GmGl+XqvuFhaPC0MwuPzU1
         F1Wg+mzKz4dr7teTIfexlL0NE1ekjp4Z2/t18brm+jSv2zQM6Ylqt6NDi/0RfS3qg02+
         3+VcQpRIGFEBU6J0Y0VO5gz1Iw7VtWbR9Lo8VQzgdV+Abxv6XKYhN4qPs0fHiVH618L9
         dOYWqeYfcm5UPl6sOupJ/lVEpS6n0g1ynj1Fut5AgNFoIQEnF6oJS2AZDWFQaHD7u1rB
         gPqQ==
X-Google-DKIM-Signature: v=1; a=rsa-sha256; c=relaxed/relaxed;
        d=1e100.net; s=20230601; t=1758477283; x=1759082083;
        h=to:from:subject:message-id:feedback-id:date:mime-version
         :x-gm-message-state:from:to:cc:subject:date:message-id:reply-to;
        bh=xRLvJilN5d83+cudmGs0f5VkPTkt3BcYJUilM8agBeI=;
        b=drNbZO65GH/vwtyoOBRGmH9nSpK0F+9ZfFKrCCL6IoVPLh5JHvNAGsoakYwPgzABlP
         c/GOVzPH7Ev51HRXmxlb2gEPyQWxyhHmWhIHGvWRh2+y19cTFVivJAm38ye4OJcDoSmz
         KSCoUpbgRNJ9NodhoAdA/GKZLEU+x6xFybGMA9jCPqLbz5assNj3OFJqdN1kwjRaYiaW
         aKPXTS2y27a7cHjs8q48LRw3PHRE7ZCBvBeMxwc2LhT/APbt2YSt/K+e17f+uHSSqnf3
         +7wtPQkk5PIoXOJM84m6p0ZIbIk+5SEWzIbKvRyBUDQ6EIzR7b8M+r88n910yd4SF8A/
         f0DA==
X-Gm-Message-State: AOJu0YwXElR4JpHyiNWC97BwxaK/7WCqr3sJHmz56YTBCcomQitDocGu
	W9U6sKUlwTfrEJeMxsFxJe5HYwuvZOd8zST+GDwl5wXUpETdl36E7jyq96cN4WnuUiQfLaaONV4
	vPafxjrd42i8MpqaaLGQZuzDmvh5RoQm888xUdWA=
X-Google-Smtp-Source: AGHT+IEAKvu4IT0zE0iNzAvtwehpEjI8NJT1iXAx+BkPuA84xsmO7kvN8097mCXyi9qj7z1tdv3CfhED1HPaX8z/Gt4z4A==
MIME-Version: 1.0
X-Received: by 2002:a05:690c:338f:b0:735:2003:dc08 with SMTP id
 00721157ae682-73d245f9eb4mr80229137b3.8.1758477283172; Sun, 21 Sep 2025
 10:54:43 -0700 (PDT)
Date: Sun, 21 Sep 2025 17:54:42 GMT
X-Account-Notification-Type: 16
Feedback-ID: 16:account-notifier
X-Notifications: 742973493fba0000
X-Notifications-Bounce-Info: AWoTSIHo9vPKw5tTOhuI5cYotPec4SALdTAag6W8xDRBywrjBHFIN-CXBg3mHuzndX-cLpJV9mqCwP6GnjtDMX4mfHijsBcQKm9JppvaLIU_SfYfk-Pi5y2lEoyEWOTX1Bp-PaEpOjiQ_qszzUVeOGis25nTwHnZUZ15sl8AGzPwLlsv8zPWfY2eCn6j6WDE0lpoBSeo69FWrWnU-L0eKC2MNjAwNjA0MDQxNTM1NTk2OTMzMg
Message-ID: <3_RBWx4l3Bm7VWUZiFKwnw@notifications.google.com>
Subject: =?UTF-8?B?0JTQstGD0YXRjdGC0LDQv9C90LDRjyDQsNGD0YLQtdC90YLQuNGE0LjQutCw0YbQuNGPIA==?=
	=?UTF-8?B?0LLQutC70Y7Rh9C10L3QsA==?=
From: Google <no-reply@accounts.google.com>
To: mike.network.cu@gmail.com
Content-Type: multipart/alternative; boundary="000000000000cf210e063f53656b"

--000000000000cf210e063f53656b
Content-Type: text/plain; charset="UTF-8"; format=flowed; delsp=yes
Content-Transfer-Encoding: base64

W2ltYWdlOiBHb29nbGVdDQrQlNCy0YPRhdGN0YLQsNC/0L3QsNGPINCw0YPRgtC10L3RgtC40YTQ
uNC60LDRhtC40Y8g0LLQutC70Y7Rh9C10L3QsA0KDQoNCm1pa2UubmV0d29yay5jdUBnbWFpbC5j
b20NCg0K0JTQu9GPINC30LDRidC40YLRiyDQktCw0YjQtdCz0L4g0LDQutC60LDRg9C90YLQsCBH
b29nbGUgKG1pa2UubmV0d29yay5jdUBnbWFpbC5jb20pINGC0LXQv9C10YDRjA0K0LjRgdC/0L7Q
u9GM0LfRg9C10YLRgdGPINC00LLRg9GF0Y3RgtCw0L/QvdCw0Y8g0LDRg9GC0LXQvdGC0LjRhNC4
0LrQsNGG0LjRjy4g0J/RgNC4INCy0YXQvtC00LUg0LIg0LDQutC60LDRg9C90YIg0L3QsCDQvdC+
0LLQvtC8INC40LvQuA0K0L3QtdC40LfQstC10YHRgtC90L7QvCDRg9GB0YLRgNC+0LnRgdGC0LLQ
tSDQktCw0Lwg0L/QvtGC0YDQtdCx0YPQtdGC0YHRjyDQv9GA0L7QudGC0Lgg0LLRgtC+0YDQvtC5
INGN0YLQsNC/INCw0YPRgtC10L3RgtC40YTQuNC60LDRhtC40LgNCtC00LvRjyDQv9C+0LTRgtCy
0LXRgNC20LTQtdC90LjRjyDQu9C40YfQvdC+0YHRgtC4Lg0KDQoq0J3QtSDRgtC10YDRj9C50YLQ
tSDQtNC+0YHRgtGD0L8g0Log0LDQutC60LDRg9C90YLRgyEqDQrQktGLINC80L7QttC10YLQtSDQ
tNC+0LHQsNCy0LjRgtGMINGA0LXQt9C10YDQstC90YvQuSDQvdC+0LzQtdGAINGC0LXQu9C10YTQ
vtC90LAg0LjQu9C4INC/0L7Qu9GD0YfQuNGC0Ywg0YDQtdC30LXRgNCy0L3Ri9C1INC60L7QtNGL
INC90LANCtGB0LvRg9GH0LDQuSwg0LXRgdC70Lgg0YMg0JLQsNGBINC90LUg0LHRg9C00LXRgiDQ
stC+0LfQvNC+0LbQvdC+0YHRgtC4INC/0YDQvtC50YLQuCDQstGC0L7RgNC+0Lkg0Y3RgtCw0L8g
0LDRg9GC0LXQvdGC0LjRhNC40LrQsNGG0LjQuC4NCtCn0YLQvtCx0Ysg0LLQvdC10YHRgtC4INC4
0LfQvNC10L3QtdC90LjRjywg0JLRiyDQvNC+0LbQtdGC0LUg0L/RgNC+0LLQtdGA0LjRgtGMINC9
0LDRgdGC0YDQvtC50LrQuCDQtNCy0YPRhdGN0YLQsNC/0L3QvtC5DQrQsNGD0YLQtdC90YLQuNGE
0LjQutCw0YbQuNC4DQo8aHR0cHM6Ly9hY2NvdW50cy5nb29nbGUuY29tL0FjY291bnRDaG9vc2Vy
P0VtYWlsPW1pa2UubmV0d29yay5jdUBnbWFpbC5jb20mY29udGludWU9aHR0cHM6Ly9teWFjY291
bnQuZ29vZ2xlLmNvbS9zaWduaW5vcHRpb25zL3R3by1zdGVwLXZlcmlmaWNhdGlvbj9yZm4lM0Qx
NiUyNnJmbmMlM0QxJTI2ZWlkJTNELTU4MDQ5NzEyNzY3MDQyMjUyMjQlMjZldCUzRDA+DQouDQrQ
ktGLINGC0LDQutC20LUg0LzQvtC20LXRgtC1INC/0L7RgdC80L7RgtGA0LXRgtGMINC00LXQudGB
0YLQstC40Y8sINGB0LLRj9C30LDQvdC90YvQtSDRgSDQsdC10LfQvtC/0LDRgdC90L7RgdGC0YzR
jiwg0L3QsCDRjdGC0L7QuQ0K0YHRgtGA0LDQvdC40YbQtToNCmh0dHBzOi8vbXlhY2NvdW50Lmdv
b2dsZS5jb20vbm90aWZpY2F0aW9ucw0K0K3RgtC+INGB0L7QvtCx0YnQtdC90LjQtSDQviDQstCw
0LbQvdGL0YUg0LjQt9C80LXQvdC10L3QuNGP0YUg0LIg0LLQsNGI0LXQvCDQsNC60LrQsNGD0L3R
gtC1INC4INGB0LXRgNCy0LjRgdCw0YUgR29vZ2xlLg0KwqkgMjAyNSBHb29nbGUgSXJlbGFuZCBM
dGQuLCBHb3Jkb24gSG91c2UsIEJhcnJvdyBTdHJlZXQsIER1YmxpbiA0LCBJcmVsYW5kDQo=
--000000000000cf210e063f53656b
Content-Type: text/html; charset="UTF-8"
Content-Transfer-Encoding: base64

PCFET0NUWVBFIGh0bWw+PGh0bWwgbGFuZz0iZW4iPjxoZWFkPjxtZXRhIG5hbWU9ImZvcm1hdC1k
ZXRlY3Rpb24iIGNvbnRlbnQ9ImVtYWlsPW5vIi8+PG1ldGEgbmFtZT0iZm9ybWF0LWRldGVjdGlv
biIgY29udGVudD0iZGF0ZT1ubyIvPjxzdHlsZSBub25jZT0iaTlEZmliMmxuRl84Nkx5SWhfc09y
USI+LmF3bCBhIHtjb2xvcjogI0ZGRkZGRjsgdGV4dC1kZWNvcmF0aW9uOiBub25lO30gLmFibWwg
YSB7Y29sb3I6ICMwMDAwMDA7IGZvbnQtZmFtaWx5OiBSb2JvdG8tTWVkaXVtLEhlbHZldGljYSxB
cmlhbCxzYW5zLXNlcmlmOyBmb250LXdlaWdodDogYm9sZDsgdGV4dC1kZWNvcmF0aW9uOiBub25l
O30gLmFkZ2wgYSB7Y29sb3I6IHJnYmEoMCwgMCwgMCwgMC44Nyk7IHRleHQtZGVjb3JhdGlvbjog
bm9uZTt9IC5hZmFsIGEge2NvbG9yOiAjYjBiMGIwOyB0ZXh0LWRlY29yYXRpb246IG5vbmU7fSBA
bWVkaWEgc2NyZWVuIGFuZCAobWluLXdpZHRoOiA2MDBweCkgey52MnNwIHtwYWRkaW5nOiA2cHgg
MzBweCAwcHg7fSAudjJyc3Age3BhZGRpbmc6IDBweCAxMHB4O319IEBtZWRpYSBzY3JlZW4gYW5k
IChtaW4td2lkdGg6IDYwMHB4KSB7Lm1kdjJydyB7cGFkZGluZzogNDBweCA0MHB4O319IDwvc3R5
bGU+PGxpbmsgaHJlZj0iLy9mb250cy5nb29nbGVhcGlzLmNvbS9jc3M/ZmFtaWx5PUdvb2dsZStT
YW5zIiByZWw9InN0eWxlc2hlZXQiIHR5cGU9InRleHQvY3NzIiBub25jZT0iaTlEZmliMmxuRl84
Nkx5SWhfc09yUSIvPjwvaGVhZD48Ym9keSBzdHlsZT0ibWFyZ2luOiAwOyBwYWRkaW5nOiAwOyIg
Ymdjb2xvcj0iI0ZGRkZGRiI+PHRhYmxlIHdpZHRoPSIxMDAlIiBoZWlnaHQ9IjEwMCUiIHN0eWxl
PSJtaW4td2lkdGg6IDM0OHB4OyIgYm9yZGVyPSIwIiBjZWxsc3BhY2luZz0iMCIgY2VsbHBhZGRp
bmc9IjAiIGxhbmc9ImVuIj48dHIgaGVpZ2h0PSIzMiIgc3R5bGU9ImhlaWdodDogMzJweDsiPjx0
ZD48L3RkPjwvdHI+PHRyIGFsaWduPSJjZW50ZXIiPjx0ZD48ZGl2IGl0ZW1zY29wZSBpdGVtdHlw
ZT0iLy9zY2hlbWEub3JnL0VtYWlsTWVzc2FnZSI+PGRpdiBpdGVtcHJvcD0iYWN0aW9uIiBpdGVt
c2NvcGUgaXRlbXR5cGU9Ii8vc2NoZW1hLm9yZy9WaWV3QWN0aW9uIj48bGluayBpdGVtcHJvcD0i
dXJsIiBocmVmPSJodHRwczovL2FjY291bnRzLmdvb2dsZS5jb20vQWNjb3VudENob29zZXI/RW1h
aWw9bWlrZS5uZXR3b3JrLmN1QGdtYWlsLmNvbSZhbXA7Y29udGludWU9aHR0cHM6Ly9teWFjY291
bnQuZ29vZ2xlLmNvbS9zaWduaW5vcHRpb25zL3R3by1zdGVwLXZlcmlmaWNhdGlvbj9yZm4lM0Qx
NiUyNnJmbmMlM0QxJTI2ZWlkJTNELTU4MDQ5NzEyNzY3MDQyMjUyMjQlMjZldCUzRDAiLz48bWV0
YSBpdGVtcHJvcD0ibmFtZSIgY29udGVudD0i0J/RgNC+0YHQvNC+0YLRgNC10YLRjCDQtNC10LnR
gdGC0LLQuNGPIi8+PC9kaXY+PC9kaXY+PHRhYmxlIGJvcmRlcj0iMCIgY2VsbHNwYWNpbmc9IjAi
IGNlbGxwYWRkaW5nPSIwIiBzdHlsZT0icGFkZGluZy1ib3R0b206IDIwcHg7IG1heC13aWR0aDog
NTE2cHg7IG1pbi13aWR0aDogMjIwcHg7Ij48dHI+PHRkIHdpZHRoPSI4IiBzdHlsZT0id2lkdGg6
IDhweDsiPjwvdGQ+PHRkPjxkaXYgc3R5bGU9ImJvcmRlci1zdHlsZTogc29saWQ7IGJvcmRlci13
aWR0aDogdGhpbjsgYm9yZGVyLWNvbG9yOiNkYWRjZTA7IGJvcmRlci1yYWRpdXM6IDhweDsgcGFk
ZGluZzogNDBweCAyMHB4OyIgYWxpZ249ImNlbnRlciIgY2xhc3M9Im1kdjJydyI+PGltZyBzcmM9
Imh0dHBzOi8vd3d3LmdzdGF0aWMuY29tL2ltYWdlcy9icmFuZGluZy9nb29nbGVsb2dvLzJ4L2dv
b2dsZWxvZ29fY29sb3JfNzR4MjRkcC5wbmciIHdpZHRoPSI3NCIgaGVpZ2h0PSIyNCIgYXJpYS1o
aWRkZW49InRydWUiIHN0eWxlPSJtYXJnaW4tYm90dG9tOiAxNnB4OyIgYWx0PSJHb29nbGUiPjxk
aXYgc3R5bGU9ImZvbnQtZmFtaWx5OiAmIzM5O0dvb2dsZSBTYW5zJiMzOTssUm9ib3RvLFJvYm90
b0RyYWZ0LEhlbHZldGljYSxBcmlhbCxzYW5zLXNlcmlmO2JvcmRlci1ib3R0b206IHRoaW4gc29s
aWQgI2RhZGNlMDsgY29sb3I6IHJnYmEoMCwwLDAsMC44Nyk7IGxpbmUtaGVpZ2h0OiAzMnB4OyBw
YWRkaW5nLWJvdHRvbTogMjRweDt0ZXh0LWFsaWduOiBjZW50ZXI7IHdvcmQtYnJlYWs6IGJyZWFr
LXdvcmQ7Ij48ZGl2IHN0eWxlPSJmb250LXNpemU6IDI0cHg7Ij7QlNCy0YPRhdGN0YLQsNC/0L3Q
sNGPINCw0YPRgtC10L3RgtC40YTQuNC60LDRhtC40Y8g0LLQutC70Y7Rh9C10L3QsCA8L2Rpdj48
dGFibGUgYWxpZ249ImNlbnRlciIgc3R5bGU9Im1hcmdpbi10b3A6OHB4OyI+PHRyIHN0eWxlPSJs
aW5lLWhlaWdodDogbm9ybWFsOyI+PHRkIGFsaWduPSJyaWdodCIgc3R5bGU9InBhZGRpbmctcmln
aHQ6OHB4OyI+PGltZyB3aWR0aD0iMjAiIGhlaWdodD0iMjAiIHN0eWxlPSJ3aWR0aDogMjBweDsg
aGVpZ2h0OiAyMHB4OyB2ZXJ0aWNhbC1hbGlnbjogc3ViOyBib3JkZXItcmFkaXVzOiA1MCU7OyIg
c3JjPSJodHRwczovL2xoMy5nb29nbGV1c2VyY29udGVudC5jb20vYS9BQ2c4b2NKeDNYVlBLaW9f
dkhqQ0RrN1RHVzFGTDNuTmswNUo2WXdrTlJ4Yi1LUG9XRm4tZ2c9czk2LWMiIGFsdD0iIj48L3Rk
Pjx0ZD48YSBzdHlsZT0iZm9udC1mYW1pbHk6ICYjMzk7R29vZ2xlIFNhbnMmIzM5OyxSb2JvdG8s
Um9ib3RvRHJhZnQsSGVsdmV0aWNhLEFyaWFsLHNhbnMtc2VyaWY7Y29sb3I6IHJnYmEoMCwwLDAs
MC44Nyk7IGZvbnQtc2l6ZTogMTRweDsgbGluZS1oZWlnaHQ6IDIwcHg7Ij5taWtlLm5ldHdvcmsu
Y3VAZ21haWwuY29tPC9hPjwvdGQ+PC90cj48L3RhYmxlPiA8L2Rpdj48ZGl2IHN0eWxlPSJmb250
LWZhbWlseTogUm9ib3RvLVJlZ3VsYXIsSGVsdmV0aWNhLEFyaWFsLHNhbnMtc2VyaWY7IGZvbnQt
c2l6ZTogMTRweDsgY29sb3I6IHJnYmEoMCwwLDAsMC44Nyk7IGxpbmUtaGVpZ2h0OiAyMHB4O3Bh
ZGRpbmctdG9wOiAyMHB4OyB0ZXh0LWFsaWduOiBsZWZ0OyI+PHA+0JTQu9GPINC30LDRidC40YLR
iyDQktCw0YjQtdCz0L4g0LDQutC60LDRg9C90YLQsCBHb29nbGUgKG1pa2UubmV0d29yay5jdUBn
bWFpbC5jb20pINGC0LXQv9C10YDRjCDQuNGB0L/QvtC70YzQt9GD0LXRgtGB0Y8g0LTQstGD0YXR
jdGC0LDQv9C90LDRjyDQsNGD0YLQtdC90YLQuNGE0LjQutCw0YbQuNGPLiDQn9GA0Lgg0LLRhdC+
0LTQtSDQsiDQsNC60LrQsNGD0L3RgiDQvdCwINC90L7QstC+0Lwg0LjQu9C4INC90LXQuNC30LLQ
tdGB0YLQvdC+0Lwg0YPRgdGC0YDQvtC50YHRgtCy0LUg0JLQsNC8INC/0L7RgtGA0LXQsdGD0LXR
gtGB0Y8g0L/RgNC+0LnRgtC4INCy0YLQvtGA0L7QuSDRjdGC0LDQvyDQsNGD0YLQtdC90YLQuNGE
0LjQutCw0YbQuNC4INC00LvRjyDQv9C+0LTRgtCy0LXRgNC20LTQtdC90LjRjyDQu9C40YfQvdC+
0YHRgtC4LjwvcD48cD48Yj7QndC1INGC0LXRgNGP0LnRgtC1INC00L7RgdGC0YPQvyDQuiDQsNC6
0LrQsNGD0L3RgtGDITwvYj48YnI+0JLRiyDQvNC+0LbQtdGC0LUg0LTQvtCx0LDQstC40YLRjCDR
gNC10LfQtdGA0LLQvdGL0Lkg0L3QvtC80LXRgCDRgtC10LvQtdGE0L7QvdCwINC40LvQuCDQv9C+
0LvRg9GH0LjRgtGMINGA0LXQt9C10YDQstC90YvQtSDQutC+0LTRiyDQvdCwINGB0LvRg9GH0LDQ
uSwg0LXRgdC70Lgg0YMg0JLQsNGBINC90LUg0LHRg9C00LXRgiDQstC+0LfQvNC+0LbQvdC+0YHR
gtC4INC/0YDQvtC50YLQuCDQstGC0L7RgNC+0Lkg0Y3RgtCw0L8g0LDRg9GC0LXQvdGC0LjRhNC4
0LrQsNGG0LjQuC48L3A+0KfRgtC+0LHRiyDQstC90LXRgdGC0Lgg0LjQt9C80LXQvdC10L3QuNGP
LCDQktGLINC80L7QttC10YLQtSA8YSBocmVmPSJodHRwczovL2FjY291bnRzLmdvb2dsZS5jb20v
QWNjb3VudENob29zZXI/RW1haWw9bWlrZS5uZXR3b3JrLmN1QGdtYWlsLmNvbSZhbXA7Y29udGlu
dWU9aHR0cHM6Ly9teWFjY291bnQuZ29vZ2xlLmNvbS9zaWduaW5vcHRpb25zL3R3by1zdGVwLXZl
cmlmaWNhdGlvbj9yZm4lM0QxNiUyNnJmbmMlM0QxJTI2ZWlkJTNELTU4MDQ5NzEyNzY3MDQyMjUy
MjQlMjZldCUzRDAiIHN0eWxlPSJ0ZXh0LWRlY29yYXRpb246IG5vbmU7IGNvbG9yOiAjNDI4NUY0
OyIgdGFyZ2V0PSJfYmxhbmsiPtC/0YDQvtCy0LXRgNC40YLRjCDQvdCw0YHRgtGA0L7QudC60Lgg
0LTQstGD0YXRjdGC0LDQv9C90L7QuSDQsNGD0YLQtdC90YLQuNGE0LjQutCw0YbQuNC4PC9hPi48
L2Rpdj48ZGl2IHN0eWxlPSJwYWRkaW5nLXRvcDogMjBweDsgZm9udC1zaXplOiAxMnB4OyBsaW5l
LWhlaWdodDogMTZweDsgY29sb3I6ICM1ZjYzNjg7IGxldHRlci1zcGFjaW5nOiAwLjNweDsgdGV4
dC1hbGlnbjogY2VudGVyIj7QktGLINGC0LDQutC20LUg0LzQvtC20LXRgtC1INC/0L7RgdC80L7R
gtGA0LXRgtGMINC00LXQudGB0YLQstC40Y8sINGB0LLRj9C30LDQvdC90YvQtSDRgSDQsdC10LfQ
vtC/0LDRgdC90L7RgdGC0YzRjiwg0L3QsCDRjdGC0L7QuSDRgdGC0YDQsNC90LjRhtC1Ojxicj48
YSBzdHlsZT0iY29sb3I6IHJnYmEoMCwgMCwgMCwgMC44Nyk7dGV4dC1kZWNvcmF0aW9uOiBpbmhl
cml0OyI+aHR0cHM6Ly9teWFjY291bnQuZ29vZ2xlLmNvbS9ub3RpZmljYXRpb25zPC9hPjwvZGl2
PjwvZGl2PjxkaXYgc3R5bGU9InRleHQtYWxpZ246IGxlZnQ7Ij48ZGl2IHN0eWxlPSJmb250LWZh
bWlseTogUm9ib3RvLVJlZ3VsYXIsSGVsdmV0aWNhLEFyaWFsLHNhbnMtc2VyaWY7Y29sb3I6IHJn
YmEoMCwwLDAsMC41NCk7IGZvbnQtc2l6ZTogMTFweDsgbGluZS1oZWlnaHQ6IDE4cHg7IHBhZGRp
bmctdG9wOiAxMnB4OyB0ZXh0LWFsaWduOiBjZW50ZXI7Ij48ZGl2PtCt0YLQviDRgdC+0L7QsdGJ
0LXQvdC40LUg0L4g0LLQsNC20L3Ri9GFINC40LfQvNC10L3QtdC90LjRj9GFINCyINCy0LDRiNC1
0Lwg0LDQutC60LDRg9C90YLQtSDQuCDRgdC10YDQstC40YHQsNGFIEdvb2dsZS48L2Rpdj48ZGl2
IHN0eWxlPSJkaXJlY3Rpb246IGx0cjsiPiZjb3B5OyAyMDI1IEdvb2dsZSBJcmVsYW5kIEx0ZC4s
IDxhIGNsYXNzPSJhZmFsIiBzdHlsZT0iZm9udC1mYW1pbHk6IFJvYm90by1SZWd1bGFyLEhlbHZl
dGljYSxBcmlhbCxzYW5zLXNlcmlmO2NvbG9yOiByZ2JhKDAsMCwwLDAuNTQpOyBmb250LXNpemU6
IDExcHg7IGxpbmUtaGVpZ2h0OiAxOHB4OyBwYWRkaW5nLXRvcDogMTJweDsgdGV4dC1hbGlnbjog
Y2VudGVyOyI+R29yZG9uIEhvdXNlLCBCYXJyb3cgU3RyZWV0LCBEdWJsaW4gNCwgSXJlbGFuZDwv
YT48L2Rpdj48L2Rpdj48L2Rpdj48L3RkPjx0ZCB3aWR0aD0iOCIgc3R5bGU9IndpZHRoOiA4cHg7
Ij48L3RkPjwvdHI+PC90YWJsZT48L3RkPjwvdHI+PHRyIGhlaWdodD0iMzIiIHN0eWxlPSJoZWln
aHQ6IDMycHg7Ij48dGQ+PC90ZD48L3RyPjwvdGFibGU+PC9ib2R5PjwvaHRtbD4=
--000000000000cf210e063f53656b--
S: +OK Farewell.
